[jm.flowtrack.me/home.html]
[jm.flowtrack.me/portfolio.html]
[backblue.gif]
[fade.gif]
[index.html]
[jm.flowtrack.me/resources/assets/site/forms/crmco-page.js]
[jm.flowtrack.me/assets/favicon.png]
[jm.flowtrack.me/assets/Group1j66_xkXCqtIE.png]
[jm.flowtrack.me/assets/Group166_eNAh1MpO.png]
[jm.flowtrack.me/url(assets/Group166_eNAh1MpO.png]
[jm.flowtrack.me/url(assets/Group1j66_xkXCqtIE.png]
[jm.flowtrack.me/assets/pexels-gl-ik-22553551_S0BOdWLDc4c2.jpg]
[jm.flowtrack.me/assets/pexels-gl-ik-22553551_S0BOdWLD8af4.jpg]
[jm.flowtrack.me/assets/pexels-gl-ik-22553551_S0BOdWLD27b5.jpg]
[jm.flowtrack.me/assets/pexels-gl-ik-22553551_S0BOdWLDcbab.jpg]
[jm.flowtrack.me/assets/pexels-gl-ik-22553551_S0BOdWLDbe54.jpg]
[jm.flowtrack.me/assets/pexels-gl-ik-22553551_S0BOdWLD2665.jpg]
[unpkg.com/formiojs@4.14.5/dist/formio.full.min.css]
[jm.flowtrack.me/resources/assets/site/form-themes/default.min.css]
[jm.flowtrack.me/resources/assets/site/forms/custom-form-component.js]
[jm.flowtrack.me/resources/assets/site/forms/crmco-form.js]
[cdnjs.cloudflare.com/ajax/libs/font-awesome/5.15.2/css/all.min.css]
[cdnjs.cloudflare.com/ajax/libs/animate.css/4.1.1/animate.min.css]
[jm.flowtrack.me/resources/site/form/supportdata/k7c9j6]
[app.flowtrack.co/assets/aws/st_kylk2h/site_nbdcm1/assets/image2_0JwuD4Pa7c86.png]
[jm.flowtrack.me/assets/image2_0JwuD4Pa.png]
[jm.flowtrack.me/assets/image3_vlSiOofa.png]
[jm.flowtrack.me/assets/image4_mxnvZsKC.png]
[jm.flowtrack.me/assets/image5_5gXvd70O.png]
[jm.flowtrack.me/assets/image6_POh3YK9o.png]
[jm.flowtrack.me/assets/image7_7UIAoRZe.png]
[jm.flowtrack.me/assets/image8_oBaR3WJn.png]
[jm.flowtrack.me/assets/Maskgroudp_bayoGK4x.png]
[jm.flowtrack.me/assets/Maskgroup_mzALUuRg.png]
[jm.flowtrack.me/assets/William_McCoy_uMZ3PjBp.jpg]
[jm.flowtrack.me/assets/John_Templin_CvJlHhGw.jpg]
[jm.flowtrack.me/assets/noimage_OHQc2Uko.jpg]
[jm.flowtrack.me/assets/Claude_Labbe_h0aOcGen.jpg]
[jm.flowtrack.me/assets/Thomas_Roosens_AHlSfWTj.jpg]
[jm.flowtrack.me/assets/Group167_xcGJeC3H.png]
[jm.flowtrack.me/assets/Group168_ZbnRVSu8.png]
[jm.flowtrack.me/assets/Group169_Pea13ZYT.png]
[jm.flowtrack.me/assets/Group170_h19kZtFe.png]
[jm.flowtrack.me/assets/Group171_xoi2MAac.png]
[jm.flowtrack.me/assets/Group172_pUFM4lEn.png]
[jm.flowtrack.me/assets/Group173_hiNAxO3w.png]
[jm.flowtrack.me/assets/Group174_3stakNZE.png]
[jm.flowtrack.me/assets/CHARFEN_Logo_Large_White-200x65_tSIk2Q43.png]
[jm.flowtrack.me/assets/Untitled-1gffdg_oGQcrpRB.png]
[jm.flowtrack.me/home.html]
[jm.flowtrack.me/preview/index.html]
[jm.flowtrack.me/assets/Screenshot2023-04-02203301_AbPU3OlM.png]
[jm.flowtrack.me/url(assets/Screenshot2023-04-02203301_AbPU3OlM.png]
[jm.flowtrack.me/resources/site/form/supportdata/opqw49]
[jm.flowtrack.me/assets/Atlantic_BT_500x500_QG9epMNO.png]
[jm.flowtrack.me/assets/1574407270062_b_245_arsg6BmP.png]
[jm.flowtrack.me/assets/image199_kmzbRpUD.png]
[jm.flowtrack.me/assets/permuta-2qpylv9fdr0hh8ut1ubaweawv0az9iipslq1z91snvcp82rrg_NBeRbIT9.png]
[jm.flowtrack.me/assets/Rectangle64_kh0DiAJC.png]
[jm.flowtrack.me/assets/HPEnterpriseServices_jpg_475x310_q85_tIUq9L4j.jpg]
[jm.flowtrack.me/assets/mainbanner_7MsCy1dl.png]
[jm.flowtrack.me/portfolio.html]
[jm.flowtrack.me/resources/assets/site/forms/crmco-page.js]
[jm.flowtrack.me/url(assets/Group166_eNAh1MpO.html]
[jm.flowtrack.me/url(assets/Group1j66_xkXCqtIE.html]
[unpkg.com/formiojs@4.14.5/dist/fonts/fontawesome-webfont.3a3e6e.delayed]
[unpkg.com/formiojs@4.14.5/dist/fonts/fontawesome-webfont.eot]
[unpkg.com/formiojs@4.14.5/dist/fonts/fontawesome-webfontd41d.eot]
[unpkg.com/formiojs@4.14.5/dist/fonts/fontawesome-webfont.3d3e6e.delayed]
[unpkg.com/formiojs@4.14.5/dist/fonts/fontawesome-webfont.woff2]
[unpkg.com/formiojs@4.14.5/dist/fonts/fontawesome-webfont3e6e.woff]
[unpkg.com/formiojs@4.14.5/dist/fonts/fontawesome-webfont.woff]
[unpkg.com/formiojs@4.14.5/dist/fonts/fontawesome-webfont3e6e.ttf]
[unpkg.com/formiojs@4.14.5/dist/fonts/fontawesome-webfont3e6e.svg]
[unpkg.com/formiojs@4.14.5/dist/fonts/fontawesome-webfont.ttf]
[unpkg.com/formiojs@4.14.5/dist/formio.full.min.css]
[jm.flowtrack.me/resources/assets/site/form-themes/default.min.css]
[jm.flowtrack.me/resources/assets/site/forms/custom-form-component.js]
[jm.flowtrack.me/resources/assets/site/forms/crmco-form.js]
[cdnjs.cloudflare.com/ajax/libs/font-awesome/5.15.2/css/all.min.css]
[cdnjs.cloudflare.com/ajax/libs/animate.css/4.1.1/animate.min.css]
[jm.flowtrack.me/preview/index.html]
[jm.flowtrack.me/url(assets/Screenshot2023-04-02203301_AbPU3OlM.html]
[unpkg.com/formiojs@4.14.5/dist/fonts/fontawesome-webfont.svg]
[unpkg.com/formiojs@4.14.5/dist/fonts/fontawesome-webfont.svg]
[jm.flowtrack.me/ABCDEFGHIJKLMNOPQRSTUVWXYZabcdefghijklmnopqrstuvwxyz0123456789+/index.html]
[jm.flowtrack.me/ABCDEFGHIJKLMNOPQRSTUVWXYZabcdefghijklmnopqrstuvwxyz0123456789+/index.html]
[i.stack.imgur.com/y9DpT.jpg]
